// Jest Snapshot v1, https://goo.gl/fbAQLP

exports[`ItemImage when passed prop imageUrl should render properly 1`] = `
<styled.div>
  <styled.div>
    <styled.img
      alt="Item"
      src="http://ok.com/whatever"
    />
  </styled.div>
</styled.div>
`;
